// Jest Snapshot v1, https://goo.gl/fbAQLP

exports[`should render Header correctly 1`] = `
<header
  className="css-1ouje1g"
>
  <div
    className="css-ftuqp"
  >
    <Link
      className="css-1nvdxq3"
      to="/"
    >
      SWPedia
    </Link>
  </div>
</header>
`;
